This is pdfTeX, Version 3.14159265-2.6-1.40.21 (MiKTeX 20.12) (preloaded format=pdflatex 2023.4.11)  12 MAY 2025 22:02
entering extended mode
**./cv_LaurieMcC_palantir.tex
(cv_LaurieMcC_palantir.tex
LaTeX2e <2020-10-01> patch level 2
L3 programming layer <2020-12-07> xparse <2020-03-03>
("C:\Program Files\MiKTeX\tex/latex/base\article.cls"
Document Class: article 2020/04/10 v1.4m Standard LaTeX document class
("C:\Program Files\MiKTeX\tex/latex/base\size10.clo"
File: size10.clo 2020/04/10 v1.4m Standard LaTeX file (size option)
)
\c@part=\count177
\c@section=\count178
\c@subsection=\count179
\c@subsubsection=\count180
\c@paragraph=\count181
\c@subparagraph=\count182
\c@figure=\count183
\c@table=\count184
\abovecaptionskip=\skip47
\belowcaptionskip=\skip48
\bibindent=\dimen138
) (structure.tex

! LaTeX Error: Missing \begin{document}.

See the LaTeX manual or LaTeX Companion for explanation.
Type  H <return>  for immediate help.
 ...                                              
                                                  
l.1 .
     ./structure.tex
? ls
Type <return> to proceed, S to scroll future error messages,
R to run without stopping, Q to run quietly,
I to insert something, E to edit your file,
1 or ... or 9 to ignore the next 1 to 9 tokens of input,
H for help, X to quit.
? 
) ("C:\Program Files\MiKTeX\tex/latex/l3backend\l3backend-pdftex.def"
File: l3backend-pdftex.def 2020-09-24 L3 backend support: PDF output (pdfTeX)
\l__kernel_color_stack_int=\count185
\l__pdf_internal_box=\box47
)
(cv_LaurieMcC_palantir.aux)
\openout1 = `cv_LaurieMcC_palantir.aux'.

LaTeX Font Info:    Checking defaults for OML/cmm/m/it on input line 8.
LaTeX Font Info:    ... okay on input line 8.
LaTeX Font Info:    Checking defaults for OMS/cmsy/m/n on input line 8.
LaTeX Font Info:    ... okay on input line 8.
LaTeX Font Info:    Checking defaults for OT1/cmr/m/n on input line 8.
LaTeX Font Info:    ... okay on input line 8.
LaTeX Font Info:    Checking defaults for T1/cmr/m/n on input line 8.
LaTeX Font Info:    ... okay on input line 8.
LaTeX Font Info:    Checking defaults for TS1/cmr/m/n on input line 8.
LaTeX Font Info:    ... okay on input line 8.
LaTeX Font Info:    Checking defaults for OMX/cmex/m/n on input line 8.
LaTeX Font Info:    ... okay on input line 8.
LaTeX Font Info:    Checking defaults for U/cmr/m/n on input line 8.
LaTeX Font Info:    ... okay on input line 8.
LaTeX Font Info:    External font `cmex10' loaded for size
(Font)              <7> on input line 17.
LaTeX Font Info:    External font `cmex10' loaded for size
(Font)              <5> on input line 17.

! Undefined control sequence.
<argument> ...{3cm} \= \kill {\bf Email} \> \href 
                                                  {mailto:laurie.mcclymont@c...
l.26 }
      
? 
! Undefined control sequence.
<argument> ...51694231 \\ {\bf LinkedIn} \> \href 
                                                  {https://www.linkedin.com/...
l.26 }
      
? 

Overfull \hbox (136.284pt too wide) in paragraph at lines 17--27
[]$[]$   $[]$ 
 []


Overfull \hbox (15.0pt too wide) in paragraph at lines 28--29
[][] 
 []


Overfull \hbox (15.0pt too wide) in paragraph at lines 45--46
[][] 
 []

! Undefined control sequence.
l.61   \skill
             {Computing}
? 
! Undefined control sequence.
l.67   \skill
             {Statistics}  { Regression, hypothesis testing, error analysis,...

? 
! Undefined control sequence.
l.68   \skill
             {Communication}
? 
! Undefined control sequence.
l.82 \job
         
? 

! LaTeX Error: Environment itemize-noindent undefined.

See the LaTeX manual or LaTeX Companion for explanation.
Type  H <return>  for immediate help.
 ...                                              
                                                  
l.88   \begin{itemize-noindent}
                               
? 

! LaTeX Error: Lonely \item--perhaps a missing list environment.

See the LaTeX manual or LaTeX Companion for explanation.
Type  H <return>  for immediate help.
 ...                                              
                                                  
l.89   \item{
             Member of the ATLAS experiment searching for new physics using ...

? 

! LaTeX Error: Lonely \item--perhaps a missing list environment.

See the LaTeX manual or LaTeX Companion for explanation.
Type  H <return>  for immediate help.
 ...                                              
                                                  
l.95   \item{
             Lead analyser measuring the efficiency of the ATLAS $b$-jet tri...

? 

! LaTeX Error: Lonely \item--perhaps a missing list environment.

See the LaTeX manual or LaTeX Companion for explanation.
Type  H <return>  for immediate help.
 ...                                              
                                                  
l.101   \item{
              Analysis contact for a team searching for new physics using pa...

? 

! LaTeX Error: Lonely \item--perhaps a missing list environment.

See the LaTeX manual or LaTeX Companion for explanation.
Type  H <return>  for immediate help.
 ...                                              
                                                  
l.109  \item{
             Presented conclusions of data analysis to a range of audiences.}
? 

! LaTeX Error: \begin{document} ended by \end{itemize-noindent}.

See the LaTeX manual or LaTeX Companion for explanation.
Type  H <return>  for immediate help.
 ...                                              
                                                  
l.115  \end{itemize-noindent}
                             
? 
! Undefined control sequence.
l.118 \job
          
? 

! LaTeX Error: Environment itemize-noindent undefined.

See the LaTeX manual or LaTeX Companion for explanation.
Type  H <return>  for immediate help.
 ...                                              
                                                  
l.123 {\begin{itemize-noindent}
                               
? 

Overfull \hbox (83.1675pt too wide) in paragraph at lines 119--124
[]\OT1/cmr/m/n/10 June 2012 -Sep 2012 In-sti-tute of As-tron-omy, Uni-ver-sity 
of Cam-bridge http://www.ast.cam.ac.uk
 []


! LaTeX Error: Lonely \item--perhaps a missing list environment.

See the LaTeX manual or LaTeX Companion for explanation.
Type  H <return>  for immediate help.
 ...                                              
                                                  
l.124   \item{
              Spent eight weeks during the summer analysing data from two la...

? 

! LaTeX Error: Lonely \item--perhaps a missing list environment.

See the LaTeX manual or LaTeX Companion for explanation.
Type  H <return>  for immediate help.
 ...                                              
                                                  
l.125   \item{
              Used a statistical profile likelihood method to identify possi...

? 

! LaTeX Error: \begin{document} ended by \end{itemize-noindent}.

See the LaTeX manual or LaTeX Companion for explanation.
Type  H <return>  for immediate help.
 ...                                              
                                                  
l.126 \end{itemize-noindent}
                            }
? 
! Undefined control sequence.
l.128 \job
          
? 

! LaTeX Error: Environment itemize-noindent undefined.

See the LaTeX manual or LaTeX Companion for explanation.
Type  H <return>  for immediate help.
 ...                                              
                                                  
l.133 {\begin{itemize-noindent}
                               
? 

! LaTeX Error: Lonely \item--perhaps a missing list environment.

See the LaTeX manual or LaTeX Companion for explanation.
Type  H <return>  for immediate help.
 ...                                              
                                                  
l.134   \item{
              Engaged with students from disadvantaged backgrounds to inspir...

? 

! LaTeX Error: Lonely \item--perhaps a missing list environment.

See the LaTeX manual or LaTeX Companion for explanation.
Type  H <return>  for immediate help.
 ...                                              
                                                  
l.135   \item{
              Led a group of students to create a prospectus, advertising th...

? 

! LaTeX Error: \begin{document} ended by \end{itemize-noindent}.

See the LaTeX manual or LaTeX Companion for explanation.
Type  H <return>  for immediate help.
 ...                                              
                                                  
l.136  \end{itemize-noindent}
                             }
? 
! Undefined control sequence.
l.143 \edu
          
? 

! LaTeX Error: Environment itemize-noindent undefined.

See the LaTeX manual or LaTeX Companion for explanation.
Type  H <return>  for immediate help.
 ...                                              
                                                  
l.148   \begin{itemize-noindent}
                                
? 

Overfull \hbox (27.11194pt too wide) in paragraph at lines 144--149
\OT1/cmr/m/n/10 2010-14 Mer-ton Col-lege, Uni-ver-sity of Ox-ford https://www.m
erton.ox.ac.uk/node/111 
 []


! LaTeX Error: Lonely \item--perhaps a missing list environment.

See the LaTeX manual or LaTeX Companion for explanation.
Type  H <return>  for immediate help.
 ...                                              
                                                  
l.149   \item{
              MPhys Physics - 2:1 (68\%)}
? 

Overfull \vbox (394.83633pt too high) has occurred while \output is active []


[1

{C:/Users/LMcClymont/AppData/Local/MiKTeX/pdftex/config/pdftex.map}]

! LaTeX Error: Lonely \item--perhaps a missing list environment.

See the LaTeX manual or LaTeX Companion for explanation.
Type  H <return>  for immediate help.
 ...                                              
                                                  
l.150   \item{
              Involved mathematical and statistical problem solving for a ra...

? 

! LaTeX Error: \begin{document} ended by \end{itemize-noindent}.

See the LaTeX manual or LaTeX Companion for explanation.
Type  H <return>  for immediate help.
 ...                                              
                                                  
l.151   \end{itemize-noindent}
                              
? 
! Undefined control sequence.
l.154 \edu
          
? 

! LaTeX Error: Environment itemize-noindent undefined.

See the LaTeX manual or LaTeX Companion for explanation.
Type  H <return>  for immediate help.
 ...                                              
                                                  
l.159   \begin{itemize-noindent}
                                
? 

! LaTeX Error: Lonely \item--perhaps a missing list environment.

See the LaTeX manual or LaTeX Companion for explanation.
Type  H <return>  for immediate help.
 ...                                              
                                                  
l.160   \item{
              A-Levels: Maths, Further Maths, Physics, History (A*, A* , A*,...

? 

! LaTeX Error: \begin{document} ended by \end{itemize-noindent}.

See the LaTeX manual or LaTeX Companion for explanation.
Type  H <return>  for immediate help.
 ...                                              
                                                  
l.161   \end{itemize-noindent}
                              
? 
! Undefined control sequence.
l.176   \skill
              {Sports}   {Enjoy endurance sports; specifically long-distance...

? 
! Undefined control sequence.
l.177   \skill
              {French}   {Conversational level. Practice through weekly in p...

? 
! Undefined control sequence.
l.178   \skill
              {Travel}   {Enjoy exploring new cities and countries and their...

? 
[2] (cv_LaurieMcC_palantir.aux) ) 
Here is how much of TeX's memory you used:
 419 strings out of 479697
 7778 string characters out of 2876994
 285579 words of memory out of 3000000
 17588 multiletter control sequences out of 15000+200000
 404678 words of font info for 31 fonts, out of 3000000 for 9000
 1141 hyphenation exceptions out of 8191
 43i,4n,49p,221b,157s stack positions out of 5000i,500n,10000p,200000b,50000s
 <C:\Users\LMcClymont\AppData\Local\MiKTeX\fon
ts/pk/ljfour/jknappen/ec/dpi600\tcrm1000.pk><C:/Program Files/MiKTeX/fonts/type
1/public/amsfonts/cm/cmbx10.pfb><C:/Program Files/MiKTeX/fonts/type1/public/ams
fonts/cm/cmbx12.pfb><C:/Program Files/MiKTeX/fonts/type1/public/amsfonts/cm/cmm
i10.pfb><C:/Program Files/MiKTeX/fonts/type1/public/amsfonts/cm/cmr10.pfb>
Output written on cv_LaurieMcC_palantir.pdf (2 pages, 63504 bytes).
PDF statistics:
 30 PDF objects out of 1000 (max. 8388607)
 0 named destinations out of 1000 (max. 500000)
 1 words of extra memory for PDF output out of 10000 (max. 10000000)

